<area shape="rect" coords="186,212,207,490" href="http://mbgd.genome.ad.jp/htbin/hcluster?prog=hcluster&clustid=O1058&tabid=tax712" alt="" target="_blank">
<area shape="rect" coords="207,212,228,490" href="http://mbgd.genome.ad.jp/htbin/hcluster?prog=hcluster&clustid=O294&tabid=tax712" alt="" target="_blank">
<area shape="rect" coords="228,212,249,490" href="http://mbgd.genome.ad.jp/htbin/hcluster?prog=hcluster&clustid=O450&tabid=tax712" alt="" target="_blank">
<area shape="rect" coords="249,212,270,490" href="http://mbgd.genome.ad.jp/htbin/hcluster?prog=hcluster&clustid=O418&tabid=tax712" alt="" target="_blank">
<area shape="rect" coords="270,212,291,490" href="http://mbgd.genome.ad.jp/htbin/hcluster?prog=hcluster&clustid=O757&tabid=tax712" alt="" target="_blank">
<area shape="rect" coords="291,212,312,490" href="http://mbgd.genome.ad.jp/htbin/hcluster?prog=hcluster&clustid=O608&tabid=tax712" alt="" target="_blank">
<area shape="rect" coords="312,212,333,490" href="http://mbgd.genome.ad.jp/htbin/hcluster?prog=hcluster&clustid=O328&tabid=tax712" alt="" target="_blank">
<area shape="rect" coords="333,212,354,490" href="http://mbgd.genome.ad.jp/htbin/hcluster?prog=hcluster&clustid=O705&tabid=tax712" alt="" target="_blank">
<area shape="rect" coords="354,212,375,490" href="http://mbgd.genome.ad.jp/htbin/hcluster?prog=hcluster&clustid=O102&tabid=tax712" alt="" target="_blank">
<area shape="rect" coords="375,212,396,490" href="http://mbgd.genome.ad.jp/htbin/hcluster?prog=hcluster&clustid=O895&tabid=tax712" alt="" target="_blank">
<area shape="rect" coords="396,212,417,490" href="http://mbgd.genome.ad.jp/htbin/hcluster?prog=hcluster&clustid=O643&tabid=tax712" alt="" target="_blank">
<area shape="rect" coords="417,212,438,490" href="http://mbgd.genome.ad.jp/htbin/hcluster?prog=hcluster&clustid=O542&tabid=tax712" alt="" target="_blank">
<area shape="rect" coords="438,212,459,490" href="http://mbgd.genome.ad.jp/htbin/hcluster?prog=hcluster&clustid=O490&tabid=tax712" alt="" target="_blank">
<area shape="rect" coords="459,212,480,490" href="http://mbgd.genome.ad.jp/htbin/hcluster?prog=hcluster&clustid=O750&tabid=tax712" alt="" target="_blank">
<area shape="rect" coords="480,212,501,490" href="http://mbgd.genome.ad.jp/htbin/hcluster?prog=hcluster&clustid=O437&tabid=tax712" alt="" target="_blank">
<area shape="rect" coords="501,212,522,490" href="http://mbgd.genome.ad.jp/htbin/hcluster?prog=hcluster&clustid=O589&tabid=tax712" alt="" target="_blank">
<area shape="rect" coords="522,212,543,490" href="http://mbgd.genome.ad.jp/htbin/hcluster?prog=hcluster&clustid=O630&tabid=tax712" alt="" target="_blank">
<area shape="rect" coords="543,212,564,490" href="http://mbgd.genome.ad.jp/htbin/hcluster?prog=hcluster&clustid=O594&tabid=tax712" alt="" target="_blank">
<area shape="rect" coords="585,212,606,490" href="http://mbgd.genome.ad.jp/htbin/hcluster?prog=hcluster&clustid=O193&tabid=tax712" alt="" target="_blank">
<area shape="rect" coords="606,212,627,490" href="http://mbgd.genome.ad.jp/htbin/hcluster?prog=hcluster&clustid=O839&tabid=tax712" alt="" target="_blank">
<area shape="rect" coords="627,212,648,490" href="http://mbgd.genome.ad.jp/htbin/hcluster?prog=hcluster&clustid=O554&tabid=tax712" alt="" target="_blank">
<area shape="rect" coords="648,212,669,490" href="http://mbgd.genome.ad.jp/htbin/hcluster?prog=hcluster&clustid=O1137&tabid=tax712" alt="" target="_blank">
<area shape="rect" coords="669,212,690,490" href="http://mbgd.genome.ad.jp/htbin/hcluster?prog=hcluster&clustid=O360&tabid=tax712" alt="" target="_blank">
<area shape="rect" coords="690,212,711,490" href="http://mbgd.genome.ad.jp/htbin/hcluster?prog=hcluster&clustid=O688&tabid=tax712" alt="" target="_blank">
<area shape="rect" coords="711,212,732,490" href="http://mbgd.genome.ad.jp/htbin/hcluster?prog=hcluster&clustid=O119&tabid=tax712" alt="" target="_blank">
<area shape="rect" coords="732,212,753,490" href="http://mbgd.genome.ad.jp/htbin/hcluster?prog=hcluster&clustid=O381&tabid=tax712" alt="" target="_blank">
<area shape="rect" coords="753,212,774,490" href="http://mbgd.genome.ad.jp/htbin/hcluster?prog=hcluster&clustid=O1508&tabid=tax712" alt="" target="_blank">
<area shape="rect" coords="774,212,795,490" href="http://mbgd.genome.ad.jp/htbin/hcluster?prog=hcluster&clustid=O771&tabid=tax712" alt="" target="_blank">
<area shape="rect" coords="795,212,816,490" href="http://mbgd.genome.ad.jp/htbin/hcluster?prog=hcluster&clustid=O495&tabid=tax712" alt="" target="_blank">
<area shape="rect" coords="816,212,837,490" href="http://mbgd.genome.ad.jp/htbin/hcluster?prog=hcluster&clustid=O1103&tabid=tax712" alt="" target="_blank">
<area shape="rect" coords="858,212,879,490" href="http://mbgd.genome.ad.jp/htbin/hcluster?prog=hcluster&clustid=O388&tabid=tax712" alt="" target="_blank">
<area shape="rect" coords="879,212,900,490" href="http://mbgd.genome.ad.jp/htbin/hcluster?prog=hcluster&clustid=O533&tabid=tax712" alt="" target="_blank">
<area shape="rect" coords="900,212,921,490" href="http://mbgd.genome.ad.jp/htbin/hcluster?prog=hcluster&clustid=O611&tabid=tax712" alt="" target="_blank">
<area shape="rect" coords="921,212,942,490" href="http://mbgd.genome.ad.jp/htbin/hcluster?prog=hcluster&clustid=O100&tabid=tax712" alt="" target="_blank">
<area shape="rect" coords="942,212,963,490" href="http://mbgd.genome.ad.jp/htbin/hcluster?prog=hcluster&clustid=O369&tabid=tax712" alt="" target="_blank">
<area shape="rect" coords="963,212,984,490" href="http://mbgd.genome.ad.jp/htbin/hcluster?prog=hcluster&clustid=O920&tabid=tax712" alt="" target="_blank">
<area shape="rect" coords="984,212,1005,490" href="http://mbgd.genome.ad.jp/htbin/hcluster?prog=hcluster&clustid=O376&tabid=tax712" alt="" target="_blank">
<area shape="rect" coords="1005,212,1026,490" href="http://mbgd.genome.ad.jp/htbin/hcluster?prog=hcluster&clustid=O1182&tabid=tax712" alt="" target="_blank">
<area shape="rect" coords="1026,212,1047,490" href="http://mbgd.genome.ad.jp/htbin/hcluster?prog=hcluster&clustid=O1211&tabid=tax712" alt="" target="_blank">
<area shape="rect" coords="1047,212,1068,490" href="http://mbgd.genome.ad.jp/htbin/hcluster?prog=hcluster&clustid=O1664&tabid=tax712" alt="" target="_blank">
<area shape="rect" coords="1068,212,1089,490" href="http://mbgd.genome.ad.jp/htbin/hcluster?prog=hcluster&clustid=O1285&tabid=tax712" alt="" target="_blank">
<area shape="rect" coords="1110,212,1131,490" href="http://mbgd.genome.ad.jp/htbin/hcluster?prog=hcluster&clustid=O804&tabid=tax712" alt="" target="_blank">
<area shape="rect" coords="1131,212,1152,490" href="http://mbgd.genome.ad.jp/htbin/hcluster?prog=hcluster&clustid=O144&tabid=tax712" alt="" target="_blank">
<area shape="rect" coords="1152,212,1173,490" href="http://mbgd.genome.ad.jp/htbin/hcluster?prog=hcluster&clustid=O113&tabid=tax712" alt="" target="_blank">
<area shape="rect" coords="1173,212,1194,490" href="http://mbgd.genome.ad.jp/htbin/hcluster?prog=hcluster&clustid=O359&tabid=tax712" alt="" target="_blank">
<area shape="rect" coords="1194,212,1215,490" href="http://mbgd.genome.ad.jp/htbin/hcluster?prog=hcluster&clustid=O357&tabid=tax712" alt="" target="_blank">
<area shape="rect" coords="1215,212,1236,490" href="http://mbgd.genome.ad.jp/htbin/hcluster?prog=hcluster&clustid=O601&tabid=tax712" alt="" target="_blank">
<area shape="rect" coords="1236,212,1257,490" href="http://mbgd.genome.ad.jp/htbin/hcluster?prog=hcluster&clustid=O628&tabid=tax712" alt="" target="_blank">
<area shape="rect" coords="1257,212,1278,490" href="http://mbgd.genome.ad.jp/htbin/hcluster?prog=hcluster&clustid=O210&tabid=tax712" alt="" target="_blank">
<area shape="rect" coords="1278,212,1299,490" href="http://mbgd.genome.ad.jp/htbin/hcluster?prog=hcluster&clustid=O253&tabid=tax712" alt="" target="_blank">
<area shape="rect" coords="1299,212,1320,490" href="http://mbgd.genome.ad.jp/htbin/hcluster?prog=hcluster&clustid=O565&tabid=tax712" alt="" target="_blank">
<area shape="rect" coords="1320,212,1341,490" href="http://mbgd.genome.ad.jp/htbin/hcluster?prog=hcluster&clustid=O165&tabid=tax712" alt="" target="_blank">
<area shape="rect" coords="1341,212,1362,490" href="http://mbgd.genome.ad.jp/htbin/hcluster?prog=hcluster&clustid=O595&tabid=tax712" alt="" target="_blank">
<area shape="rect" coords="1383,212,1404,490" href="http://mbgd.genome.ad.jp/htbin/hcluster?prog=hcluster&clustid=O1117&tabid=tax712" alt="" target="_blank">
<area shape="rect" coords="1404,212,1425,490" href="http://mbgd.genome.ad.jp/htbin/hcluster?prog=hcluster&clustid=O1015&tabid=tax712" alt="" target="_blank">
<area shape="rect" coords="1425,212,1446,490" href="http://mbgd.genome.ad.jp/htbin/hcluster?prog=hcluster&clustid=O655&tabid=tax712" alt="" target="_blank">
<area shape="rect" coords="1446,212,1467,490" href="http://mbgd.genome.ad.jp/htbin/hcluster?prog=hcluster&clustid=O145&tabid=tax712" alt="" target="_blank">
<area shape="rect" coords="1467,212,1488,490" href="http://mbgd.genome.ad.jp/htbin/hcluster?prog=hcluster&clustid=O779&tabid=tax712" alt="" target="_blank">
<area shape="rect" coords="1488,212,1509,490" href="http://mbgd.genome.ad.jp/htbin/hcluster?prog=hcluster&clustid=O746&tabid=tax712" alt="" target="_blank">
<area shape="rect" coords="1509,212,1530,490" href="http://mbgd.genome.ad.jp/htbin/hcluster?prog=hcluster&clustid=O666&tabid=tax712" alt="" target="_blank">
<area shape="rect" coords="1530,212,1551,490" href="http://mbgd.genome.ad.jp/htbin/hcluster?prog=hcluster&clustid=O803&tabid=tax712" alt="" target="_blank">
<area shape="rect" coords="1551,212,1572,490" href="http://mbgd.genome.ad.jp/htbin/hcluster?prog=hcluster&clustid=O736&tabid=tax712" alt="" target="_blank">
<area shape="rect" coords="1572,212,1593,490" href="http://mbgd.genome.ad.jp/htbin/hcluster?prog=hcluster&clustid=O735&tabid=tax712" alt="" target="_blank">
<area shape="rect" coords="1593,212,1614,490" href="http://mbgd.genome.ad.jp/htbin/hcluster?prog=hcluster&clustid=O671&tabid=tax712" alt="" target="_blank">
<area shape="rect" coords="1614,212,1635,490" href="http://mbgd.genome.ad.jp/htbin/hcluster?prog=hcluster&clustid=O848&tabid=tax712" alt="" target="_blank">
<area shape="rect" coords="1635,212,1656,490" href="http://mbgd.genome.ad.jp/htbin/hcluster?prog=hcluster&clustid=O590&tabid=tax712" alt="" target="_blank">
<area shape="rect" coords="1656,212,1677,490" href="http://mbgd.genome.ad.jp/htbin/hcluster?prog=hcluster&clustid=O396&tabid=tax712" alt="" target="_blank">
<area shape="rect" coords="1677,212,1698,490" href="http://mbgd.genome.ad.jp/htbin/hcluster?prog=hcluster&clustid=O700&tabid=tax712" alt="" target="_blank">
<area shape="rect" coords="1698,212,1719,490" href="http://mbgd.genome.ad.jp/htbin/hcluster?prog=hcluster&clustid=O575&tabid=tax712" alt="" target="_blank">
<area shape="rect" coords="1719,212,1740,490" href="http://mbgd.genome.ad.jp/htbin/hcluster?prog=hcluster&clustid=O686&tabid=tax712" alt="" target="_blank">
<area shape="rect" coords="1740,212,1761,490" href="http://mbgd.genome.ad.jp/htbin/hcluster?prog=hcluster&clustid=O366&tabid=tax712" alt="" target="_blank">
<area shape="rect" coords="1782,212,1803,490" href="http://mbgd.genome.ad.jp/htbin/hcluster?prog=hcluster&clustid=O385&tabid=tax712" alt="" target="_blank">
<area shape="rect" coords="1803,212,1824,490" href="http://mbgd.genome.ad.jp/htbin/hcluster?prog=hcluster&clustid=O880&tabid=tax712" alt="" target="_blank">
<area shape="rect" coords="1824,212,1845,490" href="http://mbgd.genome.ad.jp/htbin/hcluster?prog=hcluster&clustid=O174&tabid=tax712" alt="" target="_blank">
<area shape="rect" coords="1845,212,1866,490" href="http://mbgd.genome.ad.jp/htbin/hcluster?prog=hcluster&clustid=O684&tabid=tax712" alt="" target="_blank">
<area shape="rect" coords="1866,212,1887,490" href="http://mbgd.genome.ad.jp/htbin/hcluster?prog=hcluster&clustid=O454&tabid=tax712" alt="" target="_blank">
<area shape="rect" coords="1887,212,1908,490" href="http://mbgd.genome.ad.jp/htbin/hcluster?prog=hcluster&clustid=O268&tabid=tax712" alt="" target="_blank">
<area shape="rect" coords="1908,212,1929,490" href="http://mbgd.genome.ad.jp/htbin/hcluster?prog=hcluster&clustid=O515&tabid=tax712" alt="" target="_blank">
<area shape="rect" coords="1929,212,1950,490" href="http://mbgd.genome.ad.jp/htbin/hcluster?prog=hcluster&clustid=O766&tabid=tax712" alt="" target="_blank">
<area shape="rect" coords="1950,212,1971,490" href="http://mbgd.genome.ad.jp/htbin/hcluster?prog=hcluster&clustid=O658&tabid=tax712" alt="" target="_blank">
<area shape="rect" coords="1971,212,1992,490" href="http://mbgd.genome.ad.jp/htbin/hcluster?prog=hcluster&clustid=O184&tabid=tax712" alt="" target="_blank">
<area shape="rect" coords="1992,212,2013,490" href="http://mbgd.genome.ad.jp/htbin/hcluster?prog=hcluster&clustid=O1363&tabid=tax712" alt="" target="_blank">
<area shape="rect" coords="2034,212,2055,490" href="http://mbgd.genome.ad.jp/htbin/hcluster?prog=hcluster&clustid=O754&tabid=tax712" alt="" target="_blank">
<area shape="rect" coords="2055,212,2076,490" href="http://mbgd.genome.ad.jp/htbin/hcluster?prog=hcluster&clustid=O485&tabid=tax712" alt="" target="_blank">
<area shape="rect" coords="2076,212,2097,490" href="http://mbgd.genome.ad.jp/htbin/hcluster?prog=hcluster&clustid=O152&tabid=tax712" alt="" target="_blank">
<area shape="rect" coords="2097,212,2118,490" href="http://mbgd.genome.ad.jp/htbin/hcluster?prog=hcluster&clustid=O1096&tabid=tax712" alt="" target="_blank">
<area shape="rect" coords="2118,212,2139,490" href="http://mbgd.genome.ad.jp/htbin/hcluster?prog=hcluster&clustid=O154&tabid=tax712" alt="" target="_blank">
<area shape="rect" coords="2139,212,2160,490" href="http://mbgd.genome.ad.jp/htbin/hcluster?prog=hcluster&clustid=O701&tabid=tax712" alt="" target="_blank">
<area shape="rect" coords="2160,212,2181,490" href="http://mbgd.genome.ad.jp/htbin/hcluster?prog=hcluster&clustid=O890&tabid=tax712" alt="" target="_blank">
<area shape="rect" coords="2181,212,2202,490" href="http://mbgd.genome.ad.jp/htbin/hcluster?prog=hcluster&clustid=O414&tabid=tax712" alt="" target="_blank">
<area shape="rect" coords="2202,212,2223,490" href="http://mbgd.genome.ad.jp/htbin/hcluster?prog=hcluster&clustid=O187&tabid=tax712" alt="" target="_blank">
<area shape="rect" coords="2223,212,2244,490" href="http://mbgd.genome.ad.jp/htbin/hcluster?prog=hcluster&clustid=O1101&tabid=tax712" alt="" target="_blank">
<area shape="rect" coords="2244,212,2265,490" href="http://mbgd.genome.ad.jp/htbin/hcluster?prog=hcluster&clustid=O831&tabid=tax712" alt="" target="_blank">
<area shape="rect" coords="186,612,207,890" href="http://mbgd.genome.ad.jp/htbin/hcluster?prog=hcluster&clustid=O176&tabid=tax712" alt="" target="_blank">
<area shape="rect" coords="207,612,228,890" href="http://mbgd.genome.ad.jp/htbin/hcluster?prog=hcluster&clustid=O501&tabid=tax712" alt="" target="_blank">
<area shape="rect" coords="228,612,249,890" href="http://mbgd.genome.ad.jp/htbin/hcluster?prog=hcluster&clustid=O647&tabid=tax712" alt="" target="_blank">
<area shape="rect" coords="249,612,270,890" href="http://mbgd.genome.ad.jp/htbin/hcluster?prog=hcluster&clustid=O147&tabid=tax712" alt="" target="_blank">
<area shape="rect" coords="270,612,291,890" href="http://mbgd.genome.ad.jp/htbin/hcluster?prog=hcluster&clustid=O962&tabid=tax712" alt="" target="_blank">
<area shape="rect" coords="291,612,312,890" href="http://mbgd.genome.ad.jp/htbin/hcluster?prog=hcluster&clustid=O116&tabid=tax712" alt="" target="_blank">
<area shape="rect" coords="312,612,333,890" href="http://mbgd.genome.ad.jp/htbin/hcluster?prog=hcluster&clustid=O365&tabid=tax712" alt="" target="_blank">
<area shape="rect" coords="333,612,354,890" href="http://mbgd.genome.ad.jp/htbin/hcluster?prog=hcluster&clustid=O618&tabid=tax712" alt="" target="_blank">
<area shape="rect" coords="354,612,375,890" href="http://mbgd.genome.ad.jp/htbin/hcluster?prog=hcluster&clustid=O1204&tabid=tax712" alt="" target="_blank">
<area shape="rect" coords="375,612,396,890" href="http://mbgd.genome.ad.jp/htbin/hcluster?prog=hcluster&clustid=O984&tabid=tax712" alt="" target="_blank">
<area shape="rect" coords="396,612,417,890" href="http://mbgd.genome.ad.jp/htbin/hcluster?prog=hcluster&clustid=O1463&tabid=tax712" alt="" target="_blank">
<area shape="rect" coords="417,612,438,890" href="http://mbgd.genome.ad.jp/htbin/hcluster?prog=hcluster&clustid=O1327&tabid=tax712" alt="" target="_blank">
<area shape="rect" coords="438,612,459,890" href="http://mbgd.genome.ad.jp/htbin/hcluster?prog=hcluster&clustid=O265&tabid=tax712" alt="" target="_blank">
<area shape="rect" coords="480,612,501,890" href="http://mbgd.genome.ad.jp/htbin/hcluster?prog=hcluster&clustid=O999&tabid=tax712" alt="" target="_blank">
<area shape="rect" coords="501,612,522,890" href="http://mbgd.genome.ad.jp/htbin/hcluster?prog=hcluster&clustid=O157&tabid=tax712" alt="" target="_blank">
<area shape="rect" coords="522,612,543,890" href="http://mbgd.genome.ad.jp/htbin/hcluster?prog=hcluster&clustid=O817&tabid=tax712" alt="" target="_blank">
<area shape="rect" coords="543,612,564,890" href="http://mbgd.genome.ad.jp/htbin/hcluster?prog=hcluster&clustid=O818&tabid=tax712" alt="" target="_blank">
<area shape="rect" coords="564,612,585,890" href="http://mbgd.genome.ad.jp/htbin/hcluster?prog=hcluster&clustid=O491&tabid=tax712" alt="" target="_blank">
<area shape="rect" coords="585,612,606,890" href="http://mbgd.genome.ad.jp/htbin/hcluster?prog=hcluster&clustid=O525&tabid=tax712" alt="" target="_blank">
<area shape="rect" coords="606,612,627,890" href="http://mbgd.genome.ad.jp/htbin/hcluster?prog=hcluster&clustid=O541&tabid=tax712" alt="" target="_blank">
<area shape="rect" coords="627,612,648,890" href="http://mbgd.genome.ad.jp/htbin/hcluster?prog=hcluster&clustid=O841&tabid=tax712" alt="" target="_blank">
<area shape="rect" coords="648,612,669,890" href="http://mbgd.genome.ad.jp/htbin/hcluster?prog=hcluster&clustid=O584&tabid=tax712" alt="" target="_blank">
<area shape="rect" coords="669,612,690,890" href="http://mbgd.genome.ad.jp/htbin/hcluster?prog=hcluster&clustid=O132&tabid=tax712" alt="" target="_blank">
<area shape="rect" coords="690,612,711,890" href="http://mbgd.genome.ad.jp/htbin/hcluster?prog=hcluster&clustid=O801&tabid=tax712" alt="" target="_blank">
<area shape="rect" coords="732,612,753,890" href="http://mbgd.genome.ad.jp/htbin/hcluster?prog=hcluster&clustid=O339&tabid=tax712" alt="" target="_blank">
<area shape="rect" coords="753,612,774,890" href="http://mbgd.genome.ad.jp/htbin/hcluster?prog=hcluster&clustid=O492&tabid=tax712" alt="" target="_blank">
<area shape="rect" coords="774,612,795,890" href="http://mbgd.genome.ad.jp/htbin/hcluster?prog=hcluster&clustid=O1403&tabid=tax712" alt="" target="_blank">
<area shape="rect" coords="795,612,816,890" href="http://mbgd.genome.ad.jp/htbin/hcluster?prog=hcluster&clustid=O447&tabid=tax712" alt="" target="_blank">
<area shape="rect" coords="816,612,837,890" href="http://mbgd.genome.ad.jp/htbin/hcluster?prog=hcluster&clustid=O238&tabid=tax712" alt="" target="_blank">
<area shape="rect" coords="837,612,858,890" href="http://mbgd.genome.ad.jp/htbin/hcluster?prog=hcluster&clustid=O572&tabid=tax712" alt="" target="_blank">
<area shape="rect" coords="858,612,879,890" href="http://mbgd.genome.ad.jp/htbin/hcluster?prog=hcluster&clustid=O899&tabid=tax712" alt="" target="_blank">
<area shape="rect" coords="879,612,900,890" href="http://mbgd.genome.ad.jp/htbin/hcluster?prog=hcluster&clustid=O770&tabid=tax712" alt="" target="_blank">
<area shape="rect" coords="900,612,921,890" href="http://mbgd.genome.ad.jp/htbin/hcluster?prog=hcluster&clustid=O548&tabid=tax712" alt="" target="_blank">
<area shape="rect" coords="921,612,942,890" href="http://mbgd.genome.ad.jp/htbin/hcluster?prog=hcluster&clustid=O544&tabid=tax712" alt="" target="_blank">
<area shape="rect" coords="942,612,963,890" href="http://mbgd.genome.ad.jp/htbin/hcluster?prog=hcluster&clustid=O665&tabid=tax712" alt="" target="_blank">
<area shape="rect" coords="963,612,984,890" href="http://mbgd.genome.ad.jp/htbin/hcluster?prog=hcluster&clustid=O399&tabid=tax712" alt="" target="_blank">
<area shape="rect" coords="984,612,1005,890" href="http://mbgd.genome.ad.jp/htbin/hcluster?prog=hcluster&clustid=O245&tabid=tax712" alt="" target="_blank">
<area shape="rect" coords="1005,612,1026,890" href="http://mbgd.genome.ad.jp/htbin/hcluster?prog=hcluster&clustid=O1173&tabid=tax712" alt="" target="_blank">
<area shape="rect" coords="1026,612,1047,890" href="http://mbgd.genome.ad.jp/htbin/hcluster?prog=hcluster&clustid=O343&tabid=tax712" alt="" target="_blank">
<area shape="rect" coords="1068,612,1089,890" href="http://mbgd.genome.ad.jp/htbin/hcluster?prog=hcluster&clustid=O888&tabid=tax712" alt="" target="_blank">
<area shape="rect" coords="1089,612,1110,890" href="http://mbgd.genome.ad.jp/htbin/hcluster?prog=hcluster&clustid=O103&tabid=tax712" alt="" target="_blank">
<area shape="rect" coords="1110,612,1131,890" href="http://mbgd.genome.ad.jp/htbin/hcluster?prog=hcluster&clustid=O1302&tabid=tax712" alt="" target="_blank">
<area shape="rect" coords="1131,612,1152,890" href="http://mbgd.genome.ad.jp/htbin/hcluster?prog=hcluster&clustid=O118&tabid=tax712" alt="" target="_blank">
<area shape="rect" coords="1152,612,1173,890" href="http://mbgd.genome.ad.jp/htbin/hcluster?prog=hcluster&clustid=O111&tabid=tax712" alt="" target="_blank">
<area shape="rect" coords="1173,612,1194,890" href="http://mbgd.genome.ad.jp/htbin/hcluster?prog=hcluster&clustid=O1005&tabid=tax712" alt="" target="_blank">
<area shape="rect" coords="1194,612,1215,890" href="http://mbgd.genome.ad.jp/htbin/hcluster?prog=hcluster&clustid=O715&tabid=tax712" alt="" target="_blank">
<area shape="rect" coords="1215,612,1236,890" href="http://mbgd.genome.ad.jp/htbin/hcluster?prog=hcluster&clustid=O22&tabid=tax712" alt="" target="_blank">
<area shape="rect" coords="1236,612,1257,890" href="http://mbgd.genome.ad.jp/htbin/hcluster?prog=hcluster&clustid=O232&tabid=tax712" alt="" target="_blank">
<area shape="rect" coords="1257,612,1278,890" href="http://mbgd.genome.ad.jp/htbin/hcluster?prog=hcluster&clustid=O532&tabid=tax712" alt="" target="_blank">
<area shape="rect" coords="1278,612,1299,890" href="http://mbgd.genome.ad.jp/htbin/hcluster?prog=hcluster&clustid=O221&tabid=tax712" alt="" target="_blank">
<area shape="rect" coords="1299,612,1320,890" href="http://mbgd.genome.ad.jp/htbin/hcluster?prog=hcluster&clustid=O1650&tabid=tax712" alt="" target="_blank">
<area shape="rect" coords="1320,612,1341,890" href="http://mbgd.genome.ad.jp/htbin/hcluster?prog=hcluster&clustid=O781&tabid=tax712" alt="" target="_blank">
<area shape="rect" coords="1341,612,1362,890" href="http://mbgd.genome.ad.jp/htbin/hcluster?prog=hcluster&clustid=O876&tabid=tax712" alt="" target="_blank">
<area shape="rect" coords="1362,612,1383,890" href="http://mbgd.genome.ad.jp/htbin/hcluster?prog=hcluster&clustid=O117&tabid=tax712" alt="" target="_blank">
<area shape="rect" coords="1383,612,1404,890" href="http://mbgd.genome.ad.jp/htbin/hcluster?prog=hcluster&clustid=O691&tabid=tax712" alt="" target="_blank">
<area shape="rect" coords="1404,612,1425,890" href="http://mbgd.genome.ad.jp/htbin/hcluster?prog=hcluster&clustid=O316&tabid=tax712" alt="" target="_blank">
<area shape="rect" coords="1425,612,1446,890" href="http://mbgd.genome.ad.jp/htbin/hcluster?prog=hcluster&clustid=O407&tabid=tax712" alt="" target="_blank">
<area shape="rect" coords="1446,612,1467,890" href="http://mbgd.genome.ad.jp/htbin/hcluster?prog=hcluster&clustid=O1290&tabid=tax712" alt="" target="_blank">
<area shape="rect" coords="1467,612,1488,890" href="http://mbgd.genome.ad.jp/htbin/hcluster?prog=hcluster&clustid=O599&tabid=tax712" alt="" target="_blank">
<area shape="rect" coords="1488,612,1509,890" href="http://mbgd.genome.ad.jp/htbin/hcluster?prog=hcluster&clustid=O272&tabid=tax712" alt="" target="_blank">
<area shape="rect" coords="1509,612,1530,890" href="http://mbgd.genome.ad.jp/htbin/hcluster?prog=hcluster&clustid=O904&tabid=tax712" alt="" target="_blank">
<area shape="rect" coords="1530,612,1551,890" href="http://mbgd.genome.ad.jp/htbin/hcluster?prog=hcluster&clustid=O531&tabid=tax712" alt="" target="_blank">
<area shape="rect" coords="1551,612,1572,890" href="http://mbgd.genome.ad.jp/htbin/hcluster?prog=hcluster&clustid=O327&tabid=tax712" alt="" target="_blank">
<area shape="rect" coords="1572,612,1593,890" href="http://mbgd.genome.ad.jp/htbin/hcluster?prog=hcluster&clustid=O442&tabid=tax712" alt="" target="_blank">
<area shape="rect" coords="1593,612,1614,890" href="http://mbgd.genome.ad.jp/htbin/hcluster?prog=hcluster&clustid=O789&tabid=tax712" alt="" target="_blank">
<area shape="rect" coords="1614,612,1635,890" href="http://mbgd.genome.ad.jp/htbin/hcluster?prog=hcluster&clustid=O965&tabid=tax712" alt="" target="_blank">
<area shape="rect" coords="1656,612,1677,890" href="http://mbgd.genome.ad.jp/htbin/hcluster?prog=hcluster&clustid=O570&tabid=tax712" alt="" target="_blank">
<area shape="rect" coords="1677,612,1698,890" href="http://mbgd.genome.ad.jp/htbin/hcluster?prog=hcluster&clustid=O703&tabid=tax712" alt="" target="_blank">
<area shape="rect" coords="1698,612,1719,890" href="http://mbgd.genome.ad.jp/htbin/hcluster?prog=hcluster&clustid=O398&tabid=tax712" alt="" target="_blank">
<area shape="rect" coords="1719,612,1740,890" href="http://mbgd.genome.ad.jp/htbin/hcluster?prog=hcluster&clustid=O507&tabid=tax712" alt="" target="_blank">
<area shape="rect" coords="1740,612,1761,890" href="http://mbgd.genome.ad.jp/htbin/hcluster?prog=hcluster&clustid=O1143&tabid=tax712" alt="" target="_blank">
<area shape="rect" coords="1761,612,1782,890" href="http://mbgd.genome.ad.jp/htbin/hcluster?prog=hcluster&clustid=O1280&tabid=tax712" alt="" target="_blank">
<area shape="rect" coords="1782,612,1803,890" href="http://mbgd.genome.ad.jp/htbin/hcluster?prog=hcluster&clustid=O1139&tabid=tax712" alt="" target="_blank">
<area shape="rect" coords="1803,612,1824,890" href="http://mbgd.genome.ad.jp/htbin/hcluster?prog=hcluster&clustid=O94&tabid=tax712" alt="" target="_blank">
<area shape="rect" coords="1824,612,1845,890" href="http://mbgd.genome.ad.jp/htbin/hcluster?prog=hcluster&clustid=O1129&tabid=tax712" alt="" target="_blank">
<area shape="rect" coords="1845,612,1866,890" href="http://mbgd.genome.ad.jp/htbin/hcluster?prog=hcluster&clustid=O638&tabid=tax712" alt="" target="_blank">
<area shape="rect" coords="1866,612,1887,890" href="http://mbgd.genome.ad.jp/htbin/hcluster?prog=hcluster&clustid=O825&tabid=tax712" alt="" target="_blank">
<area shape="rect" coords="1908,612,1929,890" href="http://mbgd.genome.ad.jp/htbin/hcluster?prog=hcluster&clustid=O235&tabid=tax712" alt="" target="_blank">
<area shape="rect" coords="1929,612,1950,890" href="http://mbgd.genome.ad.jp/htbin/hcluster?prog=hcluster&clustid=O864&tabid=tax712" alt="" target="_blank">
<area shape="rect" coords="1950,612,1971,890" href="http://mbgd.genome.ad.jp/htbin/hcluster?prog=hcluster&clustid=O621&tabid=tax712" alt="" target="_blank">
<area shape="rect" coords="1971,612,1992,890" href="http://mbgd.genome.ad.jp/htbin/hcluster?prog=hcluster&clustid=O878&tabid=tax712" alt="" target="_blank">
<area shape="rect" coords="1992,612,2013,890" href="http://mbgd.genome.ad.jp/htbin/hcluster?prog=hcluster&clustid=O304&tabid=tax712" alt="" target="_blank">
<area shape="rect" coords="2013,612,2034,890" href="http://mbgd.genome.ad.jp/htbin/hcluster?prog=hcluster&clustid=O344&tabid=tax712" alt="" target="_blank">
<area shape="rect" coords="2034,612,2055,890" href="http://mbgd.genome.ad.jp/htbin/hcluster?prog=hcluster&clustid=O178&tabid=tax712" alt="" target="_blank">
<area shape="rect" coords="2055,612,2076,890" href="http://mbgd.genome.ad.jp/htbin/hcluster?prog=hcluster&clustid=O587&tabid=tax712" alt="" target="_blank">
<area shape="rect" coords="2076,612,2097,890" href="http://mbgd.genome.ad.jp/htbin/hcluster?prog=hcluster&clustid=O958&tabid=tax712" alt="" target="_blank">
<area shape="rect" coords="2097,612,2118,890" href="http://mbgd.genome.ad.jp/htbin/hcluster?prog=hcluster&clustid=O433&tabid=tax712" alt="" target="_blank">
<area shape="rect" coords="2118,612,2139,890" href="http://mbgd.genome.ad.jp/htbin/hcluster?prog=hcluster&clustid=O912&tabid=tax712" alt="" target="_blank">
<area shape="rect" coords="2139,612,2160,890" href="http://mbgd.genome.ad.jp/htbin/hcluster?prog=hcluster&clustid=O243&tabid=tax712" alt="" target="_blank">
<area shape="rect" coords="2181,612,2202,890" href="http://mbgd.genome.ad.jp/htbin/hcluster?prog=hcluster&clustid=O264&tabid=tax712" alt="" target="_blank">
<area shape="rect" coords="2202,612,2223,890" href="http://mbgd.genome.ad.jp/htbin/hcluster?prog=hcluster&clustid=O539&tabid=tax712" alt="" target="_blank">
<area shape="rect" coords="2223,612,2244,890" href="http://mbgd.genome.ad.jp/htbin/hcluster?prog=hcluster&clustid=O511&tabid=tax712" alt="" target="_blank">
<area shape="rect" coords="2244,612,2265,890" href="http://mbgd.genome.ad.jp/htbin/hcluster?prog=hcluster&clustid=O220&tabid=tax712" alt="" target="_blank">
<area shape="rect" coords="2265,612,2286,890" href="http://mbgd.genome.ad.jp/htbin/hcluster?prog=hcluster&clustid=O697&tabid=tax712" alt="" target="_blank">
<area shape="rect" coords="186,1012,207,1290" href="http://mbgd.genome.ad.jp/htbin/hcluster?prog=hcluster&clustid=O125&tabid=tax712" alt="" target="_blank">
<area shape="rect" coords="207,1012,228,1290" href="http://mbgd.genome.ad.jp/htbin/hcluster?prog=hcluster&clustid=O263&tabid=tax712" alt="" target="_blank">
<area shape="rect" coords="228,1012,249,1290" href="http://mbgd.genome.ad.jp/htbin/hcluster?prog=hcluster&clustid=O604&tabid=tax712" alt="" target="_blank">
<area shape="rect" coords="249,1012,270,1290" href="http://mbgd.genome.ad.jp/htbin/hcluster?prog=hcluster&clustid=O386&tabid=tax712" alt="" target="_blank">
<area shape="rect" coords="270,1012,291,1290" href="http://mbgd.genome.ad.jp/htbin/hcluster?prog=hcluster&clustid=O142&tabid=tax712" alt="" target="_blank">
<area shape="rect" coords="291,1012,312,1290" href="http://mbgd.genome.ad.jp/htbin/hcluster?prog=hcluster&clustid=O196&tabid=tax712" alt="" target="_blank">
<area shape="rect" coords="312,1012,333,1290" href="http://mbgd.genome.ad.jp/htbin/hcluster?prog=hcluster&clustid=O285&tabid=tax712" alt="" target="_blank">
<area shape="rect" coords="333,1012,354,1290" href="http://mbgd.genome.ad.jp/htbin/hcluster?prog=hcluster&clustid=O230&tabid=tax712" alt="" target="_blank">
<area shape="rect" coords="354,1012,375,1290" href="http://mbgd.genome.ad.jp/htbin/hcluster?prog=hcluster&clustid=O412&tabid=tax712" alt="" target="_blank">
<area shape="rect" coords="375,1012,396,1290" href="http://mbgd.genome.ad.jp/htbin/hcluster?prog=hcluster&clustid=O255&tabid=tax712" alt="" target="_blank">
<area shape="rect" coords="396,1012,417,1290" href="http://mbgd.genome.ad.jp/htbin/hcluster?prog=hcluster&clustid=O333&tabid=tax712" alt="" target="_blank">
<area shape="rect" coords="417,1012,438,1290" href="http://mbgd.genome.ad.jp/htbin/hcluster?prog=hcluster&clustid=O431&tabid=tax712" alt="" target="_blank">
<area shape="rect" coords="438,1012,459,1290" href="http://mbgd.genome.ad.jp/htbin/hcluster?prog=hcluster&clustid=O242&tabid=tax712" alt="" target="_blank">
<area shape="rect" coords="459,1012,480,1290" href="http://mbgd.genome.ad.jp/htbin/hcluster?prog=hcluster&clustid=O429&tabid=tax712" alt="" target="_blank">
<area shape="rect" coords="480,1012,501,1290" href="http://mbgd.genome.ad.jp/htbin/hcluster?prog=hcluster&clustid=O1164&tabid=tax712" alt="" target="_blank">
<area shape="rect" coords="501,1012,522,1290" href="http://mbgd.genome.ad.jp/htbin/hcluster?prog=hcluster&clustid=O336&tabid=tax712" alt="" target="_blank">
<area shape="rect" coords="522,1012,543,1290" href="http://mbgd.genome.ad.jp/htbin/hcluster?prog=hcluster&clustid=O829&tabid=tax712" alt="" target="_blank">
<area shape="rect" coords="543,1012,564,1290" href="http://mbgd.genome.ad.jp/htbin/hcluster?prog=hcluster&clustid=O972&tabid=tax712" alt="" target="_blank">
<area shape="rect" coords="564,1012,585,1290" href="http://mbgd.genome.ad.jp/htbin/hcluster?prog=hcluster&clustid=O290&tabid=tax712" alt="" target="_blank">
<area shape="rect" coords="585,1012,606,1290" href="http://mbgd.genome.ad.jp/htbin/hcluster?prog=hcluster&clustid=O352&tabid=tax712" alt="" target="_blank">
<area shape="rect" coords="606,1012,627,1290" href="http://mbgd.genome.ad.jp/htbin/hcluster?prog=hcluster&clustid=O551&tabid=tax712" alt="" target="_blank">
<area shape="rect" coords="627,1012,648,1290" href="http://mbgd.genome.ad.jp/htbin/hcluster?prog=hcluster&clustid=O762&tabid=tax712" alt="" target="_blank">
<area shape="rect" coords="648,1012,669,1290" href="http://mbgd.genome.ad.jp/htbin/hcluster?prog=hcluster&clustid=O251&tabid=tax712" alt="" target="_blank">
<area shape="rect" coords="100,233,150,246" href="" onMouseover="showname('Actinobacillus_pleuropneumoniae_serovar_5b_L20')" onMouseout="showname('')">
<area shape="rect" coords="100,254,150,267" href="" onMouseover="showname('Actinobacillus_succinogenes_130Z')" onMouseout="showname('')">
<area shape="rect" coords="100,275,150,288" href="" onMouseover="showname('Aggregatibacter_actinomycetemcomitans_D11S_1')" onMouseout="showname('')">
<area shape="rect" coords="100,296,150,309" href="" onMouseover="showname('Aggregatibacter_aphrophilus_NJ8700')" onMouseout="showname('')">
<area shape="rect" coords="100,317,150,330" href="" onMouseover="showname('Mannheimia_succiniciproducens_MBEL55E')" onMouseout="showname('')">
<area shape="rect" coords="100,338,150,351" href="" onMouseover="showname('Gallibacterium_anatis_UMN179')" onMouseout="showname('')">
<area shape="rect" coords="100,359,150,372" href="" onMouseover="showname('Haemophilus_ducreyi_35000HP')" onMouseout="showname('')">
<area shape="rect" coords="100,380,150,393" href="" onMouseover="showname('Haemophilus_influenzae_Rd_KW20')" onMouseout="showname('')">
<area shape="rect" coords="100,401,150,414" href="" onMouseover="showname('Haemophilus_parainfluenzae_T3T1')" onMouseout="showname('')">
<area shape="rect" coords="100,422,150,435" href="" onMouseover="showname('Haemophilus_parasuis_SH0165')" onMouseout="showname('')">
<area shape="rect" coords="100,443,150,456" href="" onMouseover="showname('Haemophilus_somnus_129PT')" onMouseout="showname('')">
<area shape="rect" coords="100,464,150,477" href="" onMouseover="showname('Pasteurella_multocida_Pm70')" onMouseout="showname('')">
<area shape="rect" coords="100,640,150,653" href="" onMouseover="showname('Actinobacillus_pleuropneumoniae_serovar_5b_L20')" onMouseout="showname('')">
<area shape="rect" coords="100,661,150,674" href="" onMouseover="showname('Actinobacillus_succinogenes_130Z')" onMouseout="showname('')">
<area shape="rect" coords="100,682,150,695" href="" onMouseover="showname('Aggregatibacter_actinomycetemcomitans_D11S_1')" onMouseout="showname('')">
<area shape="rect" coords="100,703,150,716" href="" onMouseover="showname('Aggregatibacter_aphrophilus_NJ8700')" onMouseout="showname('')">
<area shape="rect" coords="100,724,150,737" href="" onMouseover="showname('Mannheimia_succiniciproducens_MBEL55E')" onMouseout="showname('')">
<area shape="rect" coords="100,745,150,758" href="" onMouseover="showname('Gallibacterium_anatis_UMN179')" onMouseout="showname('')">
<area shape="rect" coords="100,766,150,779" href="" onMouseover="showname('Haemophilus_ducreyi_35000HP')" onMouseout="showname('')">
<area shape="rect" coords="100,787,150,800" href="" onMouseover="showname('Haemophilus_influenzae_Rd_KW20')" onMouseout="showname('')">
<area shape="rect" coords="100,808,150,821" href="" onMouseover="showname('Haemophilus_parainfluenzae_T3T1')" onMouseout="showname('')">
<area shape="rect" coords="100,829,150,842" href="" onMouseover="showname('Haemophilus_parasuis_SH0165')" onMouseout="showname('')">
<area shape="rect" coords="100,850,150,863" href="" onMouseover="showname('Haemophilus_somnus_129PT')" onMouseout="showname('')">
<area shape="rect" coords="100,871,150,884" href="" onMouseover="showname('Pasteurella_multocida_Pm70')" onMouseout="showname('')">
<area shape="rect" coords="100,1047,150,1060" href="" onMouseover="showname('Actinobacillus_pleuropneumoniae_serovar_5b_L20')" onMouseout="showname('')">
<area shape="rect" coords="100,1068,150,1081" href="" onMouseover="showname('Actinobacillus_succinogenes_130Z')" onMouseout="showname('')">
<area shape="rect" coords="100,1089,150,1102" href="" onMouseover="showname('Aggregatibacter_actinomycetemcomitans_D11S_1')" onMouseout="showname('')">
<area shape="rect" coords="100,1110,150,1123" href="" onMouseover="showname('Aggregatibacter_aphrophilus_NJ8700')" onMouseout="showname('')">
<area shape="rect" coords="100,1131,150,1144" href="" onMouseover="showname('Mannheimia_succiniciproducens_MBEL55E')" onMouseout="showname('')">
<area shape="rect" coords="100,1152,150,1165" href="" onMouseover="showname('Gallibacterium_anatis_UMN179')" onMouseout="showname('')">
<area shape="rect" coords="100,1173,150,1186" href="" onMouseover="showname('Haemophilus_ducreyi_35000HP')" onMouseout="showname('')">
<area shape="rect" coords="100,1194,150,1207" href="" onMouseover="showname('Haemophilus_influenzae_Rd_KW20')" onMouseout="showname('')">
<area shape="rect" coords="100,1215,150,1228" href="" onMouseover="showname('Haemophilus_parainfluenzae_T3T1')" onMouseout="showname('')">
<area shape="rect" coords="100,1236,150,1249" href="" onMouseover="showname('Haemophilus_parasuis_SH0165')" onMouseout="showname('')">
<area shape="rect" coords="100,1257,150,1270" href="" onMouseover="showname('Haemophilus_somnus_129PT')" onMouseout="showname('')">
<area shape="rect" coords="100,1278,150,1291" href="" onMouseover="showname('Pasteurella_multocida_Pm70')" onMouseout="showname('')">
