<area shape="rect" coords="20,64,780,72" href="" onMouseover="showname('Actinobacillus_pleuropneumoniae_serovar_5b_L20')" onMouseout="showname('')">
<area shape="rect" coords="20,105,780,113" href="" onMouseover="showname('Actinobacillus_succinogenes_130Z')" onMouseout="showname('')">
<area shape="rect" coords="20,146,780,154" href="" onMouseover="showname('Aggregatibacter_actinomycetemcomitans_D11S_1')" onMouseout="showname('')">
<area shape="rect" coords="20,187,780,195" href="" onMouseover="showname('Aggregatibacter_aphrophilus_NJ8700')" onMouseout="showname('')">
<area shape="rect" coords="20,228,780,236" href="" onMouseover="showname('Mannheimia_succiniciproducens_MBEL55E')" onMouseout="showname('')">
<area shape="rect" coords="20,269,780,277" href="" onMouseover="showname('Gallibacterium_anatis_UMN179')" onMouseout="showname('')">
<area shape="rect" coords="20,310,780,318" href="" onMouseover="showname('Haemophilus_ducreyi_35000HP')" onMouseout="showname('')">
<area shape="rect" coords="20,351,780,359" href="" onMouseover="showname('Haemophilus_influenzae_Rd_KW20')" onMouseout="showname('')">
<area shape="rect" coords="20,392,780,400" href="" onMouseover="showname('Haemophilus_parainfluenzae_T3T1')" onMouseout="showname('')">
<area shape="rect" coords="20,433,780,441" href="" onMouseover="showname('Haemophilus_parasuis_SH0165')" onMouseout="showname('')">
<area shape="rect" coords="20,474,780,482" href="" onMouseover="showname('Haemophilus_somnus_129PT')" onMouseout="showname('')">
<area shape="rect" coords="20,515,780,523" href="" onMouseover="showname('Pasteurella_multocida_Pm70')" onMouseout="showname('')">
