<area shape="rect" coords="20,44,780,52" href="" onMouseover="showname('Buchnera_aphidicola_APS__Acyrthosiphon_pisum_')" onMouseout="showname('')">
<area shape="rect" coords="20,85,780,93" href="" onMouseover="showname('Buchnera_aphidicola_5A__Acyrthosiphon_pisum_')" onMouseout="showname('')">
<area shape="rect" coords="20,126,780,134" href="" onMouseover="showname('Buchnera_aphidicola_Tuc7__Acyrthosiphon_pisum_')" onMouseout="showname('')">
<area shape="rect" coords="20,167,780,175" href="" onMouseover="showname('Buchnera_aphidicola_Bp__Baizongia_pistaciae_')" onMouseout="showname('')">
<area shape="rect" coords="20,208,780,216" href="" onMouseover="showname('Buchnera_aphidicola_Cc__Cinara_cedri_')" onMouseout="showname('')">
<area shape="rect" coords="20,249,780,257" href="" onMouseover="showname('Buchnera_aphidicola__Cinara_tujafilina_')" onMouseout="showname('')">
<area shape="rect" coords="20,290,780,298" href="" onMouseover="showname('Buchnera_aphidicola_Sg__Schizaphis_graminum_')" onMouseout="showname('')">
